≡ƒÜÇ Starting unified-order test...
≡ƒôì Endpoint: https://qmvjgsln-3000.asse.devtunnels.ms/api/unified-order
≡ƒô¥ Total requests: 10

================================================================================
Γ£à Request 1: 2197ms | Order: ORD-21I-104 (ORD-21I-104) | Msg: Cashier order processed with 3 split payments
   ΓÅ│ Checking print status for ORD-21I-104...
       ΓÅ│ Waiting for print logs... (Attempt 1/4)
   ≡ƒû¿∩╕ÅΓ£à Print: Success=1, Failed=0, Pending=0 | Items: Aglio e Olio Prawn: printed_with_issues
Γ£à Request 2: 1865ms | Order: ORD-21I-105 (ORD-21I-105) | Msg: Cashier order processed with 3 split payments
   ΓÅ│ Checking print status for ORD-21I-105...
   ≡ƒû¿∩╕ÅΓ£à Print: Success=1, Failed=0, Pending=0 | Items: Aglio e Olio Prawn: printed_with_issues
Γ£à Request 3: 1965ms | Order: ORD-21I-106 (ORD-21I-106) | Msg: Cashier order processed with 3 split payments
   ΓÅ│ Checking print status for ORD-21I-106...
       ΓÅ│ Waiting for print logs... (Attempt 1/4)
   ≡ƒû¿∩╕ÅΓ£à Print: Success=1, Failed=0, Pending=0 | Items: Aglio e Olio Prawn: printed_with_issues
Γ£à Request 4: 1810ms | Order: ORD-21I-107 (ORD-21I-107) | Msg: Cashier order processed with 3 split payments
   ΓÅ│ Checking print status for ORD-21I-107...
       ΓÅ│ Waiting for print logs... (Attempt 1/4)
   ≡ƒû¿∩╕ÅΓ£à Print: Success=1, Failed=0, Pending=0 | Items: Aglio e Olio Prawn: printed_with_issues
Γ£à Request 5: 1799ms | Order: ORD-21I-108 (ORD-21I-108) | Msg: Cashier order processed with 3 split payments
   ΓÅ│ Checking print status for ORD-21I-108...
       ΓÅ│ Waiting for print logs... (Attempt 1/4)
       ΓÅ│ Waiting for print logs... (Attempt 2/4)
       ΓÅ│ Waiting for print logs... (Attempt 3/4)
   ≡ƒû¿∩╕ÅΓ£à Print: Success=1, Failed=0, Pending=0 | Items: Aglio e Olio Prawn: printed_with_issues
Γ£à Request 6: 1787ms | Order: ORD-21I-109 (ORD-21I-109) | Msg: Cashier order processed with 3 split payments
   ΓÅ│ Checking print status for ORD-21I-109...
       ΓÅ│ Waiting for print logs... (Attempt 1/4)
   ≡ƒû¿∩╕ÅΓ£à Print: Success=1, Failed=0, Pending=0 | Items: Aglio e Olio Prawn: printed_with_issues
Γ£à Request 7: 1795ms | Order: ORD-21I-110 (ORD-21I-110) | Msg: Cashier order processed with 3 split payments
   ΓÅ│ Checking print status for ORD-21I-110...
       ΓÅ│ Waiting for print logs... (Attempt 1/4)
   ≡ƒû¿∩╕ÅΓ£à Print: Success=1, Failed=0, Pending=0 | Items: Aglio e Olio Prawn: printed_with_issues
Γ£à Request 8: 1823ms | Order: ORD-21I-111 (ORD-21I-111) | Msg: Cashier order processed with 3 split payments
   ΓÅ│ Checking print status for ORD-21I-111...
       ΓÅ│ Waiting for print logs... (Attempt 1/4)
   ≡ƒû¿∩╕ÅΓ£à Print: Success=1, Failed=0, Pending=0 | Items: Aglio e Olio Prawn: printed_with_issues
Γ£à Request 9: 1778ms | Order: ORD-21I-112 (ORD-21I-112) | Msg: Cashier order processed with 3 split payments
   ΓÅ│ Checking print status for ORD-21I-112...
       ΓÅ│ Waiting for print logs... (Attempt 1/4)
   ≡ƒû¿∩╕ÅΓ£à Print: Success=1, Failed=0, Pending=0 | Items: Aglio e Olio Prawn: printed_with_issues
Γ£à Request 10: 2400ms | Order: ORD-21I-113 (ORD-21I-113) | Msg: Cashier order processed with 3 split payments
   ΓÅ│ Checking print status for ORD-21I-113...
   ≡ƒû¿∩╕ÅΓ£à Print: Success=1, Failed=0, Pending=0 | Items: Aglio e Olio Prawn: printed_with_issues
================================================================================

≡ƒôè Summary:
Γ£à Successful Orders: 10/10
Γ¥î Failed Orders: 0/10
ΓÅ▒∩╕Å  Avg response time: 1922ms
≡ƒöä Transaction conflicts: 0

≡ƒû¿∩╕Å  Print Summary:
    - Orders Verified: 10, Pending: 0
    - Items:  Success: 10, Pending: 0, Failed: 0

Γ£¿ Test complete!
